exports[`BottomAxis Component should render 1`] = `
<g
  className="axis axis--x"
  fill="none"
  fontFamily="sans-serif"
  fontSize="10"
  textAnchor="middle"
  transform="translate(0,500)">
  <path
    className="domain"
    d="M0,6V0H500V6"
    stroke="#000"
    style={
      Object {
        "fill": "none",
        "shapeRendering": "crispEdges",
        "strokeWidth": 1,
      }
    } />
  <g
    className="tick"
    transform="translate(100,0)">
    <line
      stroke="#000"
      x1="0.5"
      x2="0.5"
      y2="6" />
    <text
      dy="0.71em"
      fill="#000"
      x="0.5"
      y="9">
      Label
    </text>
  </g>
  <g
    className="tick"
    transform="translate(200,0)">
    <line
      stroke="#000"
      x1="0.5"
      x2="0.5"
      y2="6" />
    <text
      dy="0.71em"
      fill="#000"
      x="0.5"
      y="9">
      Label
    </text>
  </g>
  <g
    className="tick"
    transform="translate(300,0)">
    <line
      stroke="#000"
      x1="0.5"
      x2="0.5"
      y2="6" />
    <text
      dy="0.71em"
      fill="#000"
      x="0.5"
      y="9">
      Label
    </text>
  </g>
  <g
    className="tick"
    transform="translate(400,0)">
    <line
      stroke="#000"
      x1="0.5"
      x2="0.5"
      y2="6" />
    <text
      dy="0.71em"
      fill="#000"
      x="0.5"
      y="9">
      Label
    </text>
  </g>
</g>
`;
