exports[`YTick Component should render 1`] = `
<g
  className="tick"
  transform="translate(0,250)">
  <line
    stroke="#000"
    x2="-6"
    y1="0.5"
    y2="0.5" />
  <text
    dy="0.32em"
    fill="#000"
    x="-9"
    y="0.5">
    Label
  </text>
</g>
`;
